src/app/analytics/page.tsx(213,13): error TS2657: JSX expressions must have one parent element.
src/app/builder/page.tsx(300,18): error TS1003: Identifier expected.
src/app/builder/page.tsx(302,11): error TS1382: Unexpected token. Did you mean `{'>'}` or `&gt;`?
src/app/builder/page.tsx(304,13): error TS17002: Expected corresponding JSX closing tag for 'div'.
src/app/builder/page.tsx(305,11): error TS17002: Expected corresponding JSX closing tag for 'main'.
src/app/builder/page.tsx(306,7): error TS1005: ')' expected.
src/app/builder/page.tsx(307,5): error TS1109: Expression expected.
src/app/builder/page.tsx(333,22): error TS1003: Identifier expected.
src/app/builder/page.tsx(335,15): error TS1382: Unexpected token. Did you mean `{'>'}` or `&gt;`?
src/app/builder/page.tsx(337,17): error TS17002: Expected corresponding JSX closing tag for 'div'.
src/app/builder/page.tsx(339,22): error TS1003: Identifier expected.
src/app/builder/page.tsx(341,15): error TS1382: Unexpected token. Did you mean `{'>'}` or `&gt;`?
src/app/builder/page.tsx(343,17): error TS17002: Expected corresponding JSX closing tag for 'div'.
src/app/builder/page.tsx(345,13): error TS17002: Expected corresponding JSX closing tag for 'main'.
src/app/builder/page.tsx(346,9): error TS1005: ')' expected.
src/app/builder/page.tsx(347,7): error TS1109: Expression expected.
src/app/builder/page.tsx(348,5): error TS1109: Expression expected.
src/app/builder/page.tsx(353,8): error TS17008: JSX element 'div' has no corresponding closing tag.
src/app/builder/page.tsx(537,5): error TS1005: ')' expected.
src/app/builder/page.tsx(538,3): error TS1109: Expression expected.
src/app/dashboard/customers/page.tsx(136,10): error TS17008: JSX element 'header' has no corresponding closing tag.
src/app/dashboard/customers/page.tsx(147,20): error TS1003: Identifier expected.
src/app/dashboard/customers/page.tsx(149,13): error TS1382: Unexpected token. Did you mean `{'>'}` or `&gt;`?
src/app/dashboard/customers/page.tsx(151,15): error TS17002: Expected corresponding JSX closing tag for 'div'.
src/app/dashboard/customers/page.tsx(153,11): error TS17002: Expected corresponding JSX closing tag for 'main'.
src/app/dashboard/customers/page.tsx(155,9): error TS1005: ')' expected.
src/app/dashboard/customers/page.tsx(257,7): error TS1128: Declaration or statement expected.
src/app/dashboard/customers/page.tsx(258,5): error TS1109: Expression expected.
src/app/dashboard/customers/page.tsx(259,3): error TS1109: Expression expected.
src/app/dashboard/orders/page.tsx(148,10): error TS17008: JSX element 'header' has no corresponding closing tag.
src/app/dashboard/orders/page.tsx(159,20): error TS1003: Identifier expected.
src/app/dashboard/orders/page.tsx(161,13): error TS1382: Unexpected token. Did you mean `{'>'}` or `&gt;`?
src/app/dashboard/orders/page.tsx(163,15): error TS17002: Expected corresponding JSX closing tag for 'div'.
src/app/dashboard/orders/page.tsx(165,11): error TS17002: Expected corresponding JSX closing tag for 'main'.
src/app/dashboard/orders/page.tsx(167,9): error TS1005: ')' expected.
src/app/dashboard/orders/page.tsx(320,7): error TS1128: Declaration or statement expected.
src/app/dashboard/orders/page.tsx(321,5): error TS1109: Expression expected.
src/app/dashboard/orders/page.tsx(322,3): error TS1109: Expression expected.
src/app/dashboard/page.tsx(112,11): error TS1005: ',' expected.
src/app/dashboard/page.tsx(112,16): error TS1005: ',' expected.
src/app/dashboard/page.tsx(281,10): error TS17008: JSX element 'section' has no corresponding closing tag.
src/app/dashboard/page.tsx(301,40): error TS1003: Identifier expected.
src/app/dashboard/page.tsx(301,41): error TS1002: Unterminated string literal.
src/app/dashboard/page.tsx(310,17): error TS1381: Unexpected token. Did you mean `{'}'}` or `&rbrace;`?
src/app/dashboard/page.tsx(310,19): error TS1382: Unexpected token. Did you mean `{'>'}` or `&gt;`?
src/app/dashboard/page.tsx(323,15): error TS1005: ')' expected.
src/app/dashboard/page.tsx(324,15): error TS1005: ',' expected.
src/app/dashboard/page.tsx(324,22): error TS1005: ',' expected.
src/app/dashboard/page.tsx(334,43): error TS1003: Identifier expected.
src/app/dashboard/page.tsx(335,21): error TS1381: Unexpected token. Did you mean `{'}'}` or `&rbrace;`?
src/app/dashboard/page.tsx(338,20): error TS1382: Unexpected token. Did you mean `{'>'}` or `&gt;`?
src/app/dashboard/page.tsx(342,13): error TS1005: ',' expected.
src/app/dashboard/page.tsx(343,13): error TS1381: Unexpected token. Did you mean `{'}'}` or `&rbrace;`?
src/app/dashboard/page.tsx(344,11): error TS17002: Expected corresponding JSX closing tag for 'main'.
src/app/dashboard/page.tsx(346,9): error TS1005: ')' expected.
src/app/dashboard/page.tsx(368,15): error TS2657: JSX expressions must have one parent element.
src/app/dashboard/page.tsx(373,44): error TS1003: Identifier expected.
src/app/dashboard/page.tsx(373,45): error TS1002: Unterminated string literal.
src/app/dashboard/page.tsx(380,17): error TS1381: Unexpected token. Did you mean `{'}'}` or `&rbrace;`?
src/app/dashboard/page.tsx(380,19): error TS1382: Unexpected token. Did you mean `{'>'}` or `&gt;`?
src/app/dashboard/page.tsx(391,15): error TS1005: ')' expected.
src/app/dashboard/page.tsx(392,15): error TS1381: Unexpected token. Did you mean `{'}'}` or `&rbrace;`?
src/app/dashboard/page.tsx(393,13): error TS17002: Expected corresponding JSX closing tag for 'section'.
src/app/dashboard/page.tsx(394,9): error TS1128: Declaration or statement expected.
src/app/dashboard/page.tsx(446,9): error TS1128: Declaration or statement expected.
src/app/dashboard/page.tsx(447,7): error TS1109: Expression expected.
src/app/dashboard/page.tsx(448,5): error TS1109: Expression expected.
src/app/dashboard/page.tsx(449,3): error TS1109: Expression expected.
src/app/dashboard/store/page.tsx(358,10): error TS17008: JSX element 'section' has no corresponding closing tag.
src/app/dashboard/store/page.tsx(437,30): error TS1003: Identifier expected.
src/app/dashboard/store/page.tsx(439,23): error TS1382: Unexpected token. Did you mean `{'>'}` or `&gt;`?
src/app/dashboard/store/page.tsx(441,25): error TS17002: Expected corresponding JSX closing tag for 'div'.
src/app/dashboard/store/page.tsx(443,19): error TS1005: ')' expected.
src/app/dashboard/store/page.tsx(445,16): error TS1381: Unexpected token. Did you mean `{'}'}` or `&rbrace;`?
src/app/dashboard/store/page.tsx(472,11): error TS17002: Expected corresponding JSX closing tag for 'main'.
src/app/dashboard/store/page.tsx(473,7): error TS1005: ')' expected.
src/app/dashboard/store/page.tsx(474,5): error TS1109: Expression expected.
src/app/dashboard/store/page.tsx(475,3): error TS1109: Expression expected.
src/app/page.tsx(71,10): error TS17008: JSX element 'section' has no corresponding closing tag.
src/app/page.tsx(90,24): error TS1003: Identifier expected.
src/app/page.tsx(92,17): error TS1382: Unexpected token. Did you mean `{'>'}` or `&gt;`?
src/app/page.tsx(95,19): error TS17002: Expected corresponding JSX closing tag for 'div'.
src/app/page.tsx(97,24): error TS1003: Identifier expected.
src/app/page.tsx(99,17): error TS1382: Unexpected token. Did you mean `{'>'}` or `&gt;`?
src/app/page.tsx(102,19): error TS17002: Expected corresponding JSX closing tag for 'div'.
src/app/page.tsx(107,21): error TS1003: Identifier expected.
src/app/page.tsx(113,16): error TS1382: Unexpected token. Did you mean `{'>'}` or `&gt;`?
src/app/page.tsx(115,13): error TS17002: Expected corresponding JSX closing tag for 'main'.
src/app/page.tsx(116,9): error TS1005: ')' expected.
src/app/page.tsx(119,18): error TS1005: ';' expected.
src/app/page.tsx(170,9): error TS1128: Declaration or statement expected.
src/app/page.tsx(173,18): error TS1005: ';' expected.
src/app/page.tsx(174,11): error TS2657: JSX expressions must have one parent element.
src/app/page.tsx(191,22): error TS1003: Identifier expected.
src/app/page.tsx(193,15): error TS1382: Unexpected token. Did you mean `{'>'}` or `&gt;`?
src/app/page.tsx(196,17): error TS17002: Expected corresponding JSX closing tag for 'div'.
src/app/page.tsx(200,21): error TS1003: Identifier expected.
src/app/page.tsx(205,16): error TS1382: Unexpected token. Did you mean `{'>'}` or `&gt;`?
src/app/page.tsx(207,11): error TS1128: Declaration or statement expected.
src/app/page.tsx(208,9): error TS1109: Expression expected.
src/app/page.tsx(211,18): error TS1005: ';' expected.
src/app/page.tsx(259,9): error TS1128: Declaration or statement expected.
src/app/page.tsx(262,18): error TS1005: ';' expected.
src/app/page.tsx(280,24): error TS1003: Identifier expected.
src/app/page.tsx(282,17): error TS1382: Unexpected token. Did you mean `{'>'}` or `&gt;`?
src/app/page.tsx(285,19): error TS17002: Expected corresponding JSX closing tag for 'div'.
src/app/page.tsx(287,24): error TS1003: Identifier expected.
src/app/page.tsx(289,17): error TS1382: Unexpected token. Did you mean `{'>'}` or `&gt;`?
src/app/page.tsx(291,19): error TS17002: Expected corresponding JSX closing tag for 'div'.
src/app/page.tsx(293,13): error TS1128: Declaration or statement expected.
src/app/page.tsx(294,11): error TS1109: Expression expected.
src/app/page.tsx(295,9): error TS1109: Expression expected.
src/app/page.tsx(296,7): error TS1109: Expression expected.
src/app/page.tsx(297,5): error TS1109: Expression expected.
src/app/page.tsx(298,3): error TS1109: Expression expected.
src/app/pricing/page.tsx(106,44): error TS1003: Identifier expected.
src/app/pricing/page.tsx(106,110): error TS1382: Unexpected token. Did you mean `{'>'}` or `&gt;`?
src/app/pricing/page.tsx(108,15): error TS17002: Expected corresponding JSX closing tag for 'p'.
src/app/pricing/page.tsx(109,13): error TS17002: Expected corresponding JSX closing tag for 'div'.
src/app/pricing/page.tsx(114,9): error TS17002: Expected corresponding JSX closing tag for 'main'.
src/app/pricing/page.tsx(115,5): error TS1005: ')' expected.
src/app/pricing/page.tsx(116,3): error TS1109: Expression expected.
src/app/product/[slug]/page.tsx(166,15): error TS17002: Expected corresponding JSX closing tag for 'Link'.
src/app/product/[slug]/page.tsx(175,8): error TS17008: JSX element 'div' has no corresponding closing tag.
src/app/product/[slug]/page.tsx(237,21): error TS17002: Expected corresponding JSX closing tag for 'div'.
src/app/product/[slug]/page.tsx(386,5): error TS1005: ')' expected.
src/app/product/[slug]/page.tsx(387,3): error TS1109: Expression expected.
src/app/product/[slug]/page.tsx(439,20): error TS1003: Identifier expected.
src/app/product/[slug]/page.tsx(441,13): error TS1382: Unexpected token. Did you mean `{'>'}` or `&gt;`?
src/app/product/[slug]/page.tsx(443,15): error TS17002: Expected corresponding JSX closing tag for 'div'.
src/app/product/[slug]/page.tsx(444,11): error TS1005: ')' expected.
src/app/product/[slug]/page.tsx(445,10): error TS1381: Unexpected token. Did you mean `{'}'}` or `&rbrace;`?
src/app/product/[slug]/page.tsx(447,5): error TS1005: ')' expected.
src/app/product/[slug]/page.tsx(448,3): error TS1109: Expression expected.
src/app/project/[id]/page.tsx(174,18): error TS1003: Identifier expected.
src/app/project/[id]/page.tsx(176,11): error TS1382: Unexpected token. Did you mean `{'>'}` or `&gt;`?
src/app/project/[id]/page.tsx(178,13): error TS17002: Expected corresponding JSX closing tag for 'nav'.
src/app/project/[id]/page.tsx(179,11): error TS17002: Expected corresponding JSX closing tag for 'div'.
src/app/project/[id]/page.tsx(258,17): error TS1005: ')' expected.
src/app/project/[id]/page.tsx(261,15): error TS1382: Unexpected token. Did you mean `{'>'}` or `&gt;`?
src/app/project/[id]/page.tsx(301,17): error TS17002: Expected corresponding JSX closing tag for 'div'.
src/app/project/[id]/page.tsx(352,11): error TS17002: Expected corresponding JSX closing tag for 'main'.
src/app/project/[id]/page.tsx(353,7): error TS1005: ')' expected.
src/app/project/[id]/page.tsx(354,5): error TS1109: Expression expected.
src/app/project/[id]/page.tsx(355,3): error TS1109: Expression expected.
src/components/navbar.tsx(22,5): error TS2657: JSX expressions must have one parent element.
src/components/navbar.tsx(50,18): error TS1003: Identifier expected.
src/components/navbar.tsx(53,11): error TS1382: Unexpected token. Did you mean `{'>'}` or `&gt;`?
src/components/navbar.tsx(56,13): error TS17002: Expected corresponding JSX closing tag for 'div'.
src/components/navbar.tsx(58,18): error TS1003: Identifier expected.
src/components/navbar.tsx(61,11): error TS1382: Unexpected token. Did you mean `{'>'}` or `&gt;`?
src/components/navbar.tsx(64,13): error TS17002: Expected corresponding JSX closing tag for 'div'.
src/components/navbar.tsx(66,18): error TS1003: Identifier expected.
src/components/navbar.tsx(69,11): error TS1382: Unexpected token. Did you mean `{'>'}` or `&gt;`?
src/components/navbar.tsx(72,13): error TS17002: Expected corresponding JSX closing tag for 'nav'.
src/components/navbar.tsx(74,18): error TS1003: Identifier expected.
src/components/navbar.tsx(74,18): error TS1005: ')' expected.
src/components/navbar.tsx(76,23): error TS1005: ';' expected.
src/components/navbar.tsx(79,19): error TS1005: ';' expected.
src/components/navbar.tsx(79,239): error TS1109: Expression expected.
src/components/navbar.tsx(79,240): error TS1003: Identifier expected.
src/components/navbar.tsx(80,11): error TS1109: Expression expected.
src/components/navbar.tsx(82,18): error TS1003: Identifier expected.
src/components/navbar.tsx(84,23): error TS1005: ';' expected.
src/components/navbar.tsx(87,19): error TS1005: ';' expected.
src/components/navbar.tsx(87,239): error TS1109: Expression expected.
src/components/navbar.tsx(87,240): error TS1003: Identifier expected.
src/components/navbar.tsx(88,11): error TS1109: Expression expected.
src/components/navbar.tsx(89,9): error TS1109: Expression expected.
src/components/navbar.tsx(112,7): error TS1128: Declaration or statement expected.
src/components/navbar.tsx(116,9): error TS2657: JSX expressions must have one parent element.
src/components/navbar.tsx(140,20): error TS1003: Identifier expected.
src/components/navbar.tsx(142,13): error TS1382: Unexpected token. Did you mean `{'>'}` or `&gt;`?
src/components/navbar.tsx(144,15): error TS17002: Expected corresponding JSX closing tag for 'div'.
src/components/navbar.tsx(146,20): error TS1003: Identifier expected.
src/components/navbar.tsx(148,13): error TS1382: Unexpected token. Did you mean `{'>'}` or `&gt;`?
src/components/navbar.tsx(150,15): error TS17002: Expected corresponding JSX closing tag for 'div'.
src/components/navbar.tsx(152,20): error TS1003: Identifier expected.
src/components/navbar.tsx(152,20): error TS1005: ')' expected.
src/components/navbar.tsx(155,23): error TS1005: ';' expected.
src/components/navbar.tsx(156,13): error TS1128: Declaration or statement expected.
src/components/navbar.tsx(158,20): error TS1003: Identifier expected.
src/components/navbar.tsx(162,13): error TS1128: Declaration or statement expected.
src/components/navbar.tsx(164,20): error TS1003: Identifier expected.
src/components/navbar.tsx(168,13): error TS1128: Declaration or statement expected.
src/components/navbar.tsx(170,20): error TS1003: Identifier expected.
src/components/navbar.tsx(174,13): error TS1128: Declaration or statement expected.
src/components/navbar.tsx(189,11): error TS1128: Declaration or statement expected.
src/components/navbar.tsx(190,9): error TS1109: Expression expected.
src/components/navbar.tsx(191,7): error TS1109: Expression expected.
src/components/navbar.tsx(192,5): error TS1128: Declaration or statement expected.
src/components/navbar.tsx(193,3): error TS1109: Expression expected.
src/components/renderer/sections/pricing.component.tsx(42,13): error TS2657: JSX expressions must have one parent element.
src/components/renderer/sections/pricing.component.tsx(51,69): error TS1003: Identifier expected.
src/components/renderer/sections/pricing.component.tsx(52,15): error TS1381: Unexpected token. Did you mean `{'}'}` or `&rbrace;`?
src/components/renderer/sections/pricing.component.tsx(52,22): error TS1382: Unexpected token. Did you mean `{'>'}` or `&gt;`?
src/components/renderer/sections/pricing.component.tsx(54,17): error TS17002: Expected corresponding JSX closing tag for 'div'.
src/components/renderer/sections/pricing.component.tsx(56,69): error TS1003: Identifier expected.
src/components/renderer/sections/pricing.component.tsx(56,69): error TS1005: ')' expected.
src/components/renderer/sections/pricing.component.tsx(56,74): error TS1005: ',' expected.
src/components/renderer/sections/pricing.component.tsx(56,88): error TS1005: ',' expected.
src/components/renderer/sections/pricing.component.tsx(56,92): error TS1005: ',' expected.
src/components/renderer/sections/pricing.component.tsx(57,15): error TS1381: Unexpected token. Did you mean `{'}'}` or `&rbrace;`?
src/components/renderer/sections/pricing.component.tsx(57,22): error TS1382: Unexpected token. Did you mean `{'>'}` or `&gt;`?
src/components/renderer/sections/pricing.component.tsx(57,38): error TS17002: Expected corresponding JSX closing tag for 'div'.
src/components/renderer/sections/pricing.component.tsx(59,69): error TS1003: Identifier expected.
src/components/renderer/sections/pricing.component.tsx(60,15): error TS1381: Unexpected token. Did you mean `{'}'}` or `&rbrace;`?
src/components/renderer/sections/pricing.component.tsx(60,22): error TS1382: Unexpected token. Did you mean `{'>'}` or `&gt;`?
src/components/renderer/sections/pricing.component.tsx(60,54): error TS17002: Expected corresponding JSX closing tag for 'div'.
src/components/renderer/sections/pricing.component.tsx(88,15): error TS17002: Expected corresponding JSX closing tag for 'section'.
src/components/renderer/sections/pricing.component.tsx(89,12): error TS1005: ';' expected.
src/components/renderer/sections/pricing.component.tsx(90,9): error TS1128: Declaration or statement expected.
src/components/renderer/sections/pricing.component.tsx(91,7): error TS1109: Expression expected.
src/components/renderer/sections/pricing.component.tsx(92,5): error TS1109: Expression expected.
src/components/renderer/sections/pricing.component.tsx(93,3): error TS1109: Expression expected.
src/components/renderer/sections/pricing.component.tsx(94,1): error TS1128: Declaration or statement expected.
